2025-08-27 12:07 - DEBUG - This is a debug message
2025-08-27 12:07 - INFO - This is an info message
2025-08-27 12:07 - WARNING - This is a warning message
2025-08-27 12:07 - ERROR - This is an error message
2025-08-27 12:07 - CRITICAL - This is a critical message
2025-08-27 12:08 - DEBUG - This is a debug message
2025-08-27 12:08 - INFO - This is an info message
2025-08-27 12:08 - WARNING - This is a warning message
2025-08-27 12:08 - ERROR - This is an error message
2025-08-27 12:08 - CRITICAL - This is a critical message
2025-08-27 12:12 - DEBUG - name=Niall
2025-08-27 12:12 - DEBUG - This is a debug message
2025-08-27 12:12 - INFO - This is an info message
2025-08-27 12:12 - WARNING - This is a warning message
2025-08-27 12:12 - ERROR - This is an error message
2025-08-27 12:12 - CRITICAL - This is a critical message
2025-08-27 12:14 - DEBUG - name=Niall
2025-08-27 12:14 - DEBUG - This is a debug message
2025-08-27 12:14 - INFO - This is an info message
2025-08-27 12:14 - WARNING - This is a warning message
2025-08-27 12:14 - ERROR - This is an error message
2025-08-27 12:14 - CRITICAL - This is a critical message
2025-08-27 12:14 - ERROR - DonutCalculationError
Traceback (most recent call last):
  File "/Users/nialdancesanchez/Desktop/random/logging/main.py", line 35, in <module>
    donuts_per_guest = donuts / guests
                       ~~~~~~~^~~~~~~~
ZeroDivisionError: division by zero
2025-08-27 12:15 - DEBUG - name=Niall
2025-08-27 12:15 - DEBUG - This is a debug message
2025-08-27 12:15 - INFO - This is an info message
2025-08-27 12:15 - WARNING - This is a warning message
2025-08-27 12:15 - ERROR - This is an error message
2025-08-27 12:15 - CRITICAL - This is a critical message
2025-08-27 12:15 - ERROR - DonutCalculationError
Traceback (most recent call last):
  File "/Users/nialdancesanchez/Desktop/random/logging/main.py", line 35, in <module>
    donuts_per_guest = donuts / guests
                       ~~~~~~~^~~~~~~~
ZeroDivisionError: division by zero
